:COMSYS After 1000006 simulations
:COMSYS Best payoff is -95.4883
:COMSYS Normally terminated optimization
:OPTIMIZER=MCMC
:SENSITIVITY=Off
:MULTIPLE_START=RRandom
:RANDOM_NUMBER=Default
:SEED=1
:OUTPUT_LEVEL=On
:TRACE=Off
:MAX_ITERATIONS=1000
:RESTART_MAX=1
:PASS_LIMIT=2
:FRACTIONAL_TOLERANCE=1e-05
:TOLERANCE_MULTIPLIER=21
:ABSOLUTE_TOLERANCE=1
:SCALE_ABSOLUTE=1
:VECTOR_POINTS=25
:MCINITMETHOD=3
:MCPAYOFFTYPE=0
:MCRECORD=0
:MCSCHEDULE=0
:MCLIMIT=1000000
:MCBURNIN=500000
:MCNCHAINS=2
:MCOUTLIER=0.05
:MCGAMMA=1
:MCEPSILON=0.01
:MCDELTA=0.0001
:MCJUMP=0.05
:MCUPDATEPAIRS=2
:MCXOVER=0.2
:MCTEMP=1
:MCFTEMP=1
:MCCOOLING=1000
0.0001 <= dropout rate     = 0.186013  <= 1
0.0001 <= base enrollment rate    = 0.999998  <= 1
0.0001 <= new fee waiver rate   = 0.0158713  <= 1
1e-05 <= fee waiver adjustment rate    = 1e-05  <= 1
0.001 <= strength of perceived benefit    = 3.97491  <= 5
100 <= initial fee waivered population      = 441108  <= 1e+06
