:COMSYS After 1000030 simulations
:COMSYS Best payoff is -216.656
:COMSYS Normally terminated optimization
:OPTIMIZER=MCMC
:SENSITIVITY=Off
:MULTIPLE_START=RRandom
:RANDOM_NUMBER=Default
:SEED=1
:OUTPUT_LEVEL=On
:TRACE=Off
:MAX_ITERATIONS=1000
:RESTART_MAX=1
:PASS_LIMIT=2
:FRACTIONAL_TOLERANCE=1e-05
:TOLERANCE_MULTIPLIER=21
:ABSOLUTE_TOLERANCE=1
:SCALE_ABSOLUTE=1
:VECTOR_POINTS=25
:MCINITMETHOD=3
:MCPAYOFFTYPE=0
:MCRECORD=0
:MCSCHEDULE=0
:MCLIMIT=1000000
:MCBURNIN=500000
:MCNCHAINS=2
:MCOUTLIER=0.05
:MCGAMMA=1
:MCEPSILON=0.01
:MCDELTA=0.0001
:MCJUMP=0.05
:MCUPDATEPAIRS=2
:MCXOVER=0.2
:MCTEMP=1
:MCFTEMP=1
:MCCOOLING=1000
1000 <= population adjustment  = 291640  <= 5e+08
0.15 <= initial prevalence[HTN] = 0.19603  <= 0.3
0.05 <= initial prevalence[DIA] = 0.083727  <= 0.15
0.01 <= NCD development rate[HTN] = 0.0101478  <= 0.1
0.001 <= NCD development rate[DIA] = 0.00165935  <= 0.1
0.001 <= treated NCD death risk relative to untreated[HTN] = 0.270845  <= 0.5
0.001 <= treated NCD death risk relative to untreated[DIA] = 0.221404  <= 0.5
1 <= relative death risk for NCD[DIA] = 9.88986  <= 10
1 <= relative death risk for NCD[HTN] = 1.79197  <= 10
1e-05 <= base death rate  = 0.000335024  <= 0.01
0.001 <= base NCD screening propensity[HTN] = 0.00539281  <= 0.2
0.001 <= base NCD screening propensity[DIA] = 0.0070453  <= 0.2
0.1 <= base positive NCD fraction for screened people[HTN] = 0.123762  <= 0.6
0.05 <= base positive NCD fraction for screened people[DIA] = 0.0524119  <= 0.3
0.001 <= strength coverage on screen[HTN] = 4.42663  <= 10
0.001 <= strength coverage on screen[DIA] = 3.1871  <= 10
0.001 <= base tx enrollment rate post screening[DIA] = 1  <= 1
0.001 <= base tx enrollment rate post screening[HTN] = 1  <= 1
0.001 <= discontinuation rate[HTN] = 0.00359402  <= 0.1
0.001 <= discontinuation rate[DIA] = 0.00762791  <= 0.5
0.001 <= reference utilization per capita  = 0.293183  <= 10
1 <= base average fee per person  = 1891.38  <= 2000
1 <= base average reimbursement per person   = 377.189  <= 2000
0.3 <= cost to fee ratio  = 0.615254  <= 0.95
1e+06 <= initial average annual IR   = 1.53404e+09  <= 1e+10
1000 <= initial CBHI revenue  = 5.77961e+08  <= 1e+10
0.1 <= internal revenue execution rate  = 0.735416  <= 0.9
0.01 <= subsidy fraction   = 0.119186  <= 1
10 <= provider adjustment rate  = 247.899  <= 10000
100 <= initial providers  = 297.484  <= 100000
0.1 <= base medication restocking rate  = 0.543869  <= 3
0.001 <= strength of med availability on enrollment[HTN] = 1  <= 1
0.001 <= strength of med availability on enrollment[DIA] = 1  <= 1
0.001 <= strength of med availability on discontinuation[HTN] = 0.00100002  <= 1
0.001 <= strength of med availability on discontinuation[DIA] = 1  <= 1
